Archive member included to satisfy reference by file (symbol)

c:/program files (x86)/gnu arm embedded toolchain/10 2020-q4-major/bin/../lib/gcc/arm-none-eabi/10.2.1/thumb/v7-m/nofp\libgcc.a(_arm_muldf3.o)
                              00-Build/UART_program.o (__aeabi_dmul)
c:/program files (x86)/gnu arm embedded toolchain/10 2020-q4-major/bin/../lib/gcc/arm-none-eabi/10.2.1/thumb/v7-m/nofp\libgcc.a(_arm_addsubdf3.o)
                              00-Build/UART_program.o (__aeabi_dsub)
c:/program files (x86)/gnu arm embedded toolchain/10 2020-q4-major/bin/../lib/gcc/arm-none-eabi/10.2.1/thumb/v7-m/nofp\libgcc.a(_arm_muldivdf3.o)
                              00-Build/UART_program.o (__aeabi_ddiv)
c:/program files (x86)/gnu arm embedded toolchain/10 2020-q4-major/bin/../lib/gcc/arm-none-eabi/10.2.1/thumb/v7-m/nofp\libgcc.a(_arm_fixunsdfsi.o)
                              00-Build/UART_program.o (__aeabi_d2uiz)
c:/program files (x86)/gnu arm embedded toolchain/10 2020-q4-major/bin/../lib/gcc/arm-none-eabi/10.2.1/thumb/v7-m/nofp\libgcc.a(_arm_truncdfsf2.o)
                              00-Build/UART_program.o (__aeabi_d2f)

Memory Configuration

Name             Origin             Length             Attributes
RAM              0x20000000         0x00005000         xrw
FLASH            0x08000000         0x00010000         xr
*default*        0x00000000         0xffffffff

Linker script and memory map

LOAD 00-Build/AFIO_program.o
LOAD 00-Build/EXTI_program.o
LOAD 00-Build/GPIO_program.o
LOAD 00-Build/IR_program.o
LOAD 00-Build/LEDMRX_program.o
LOAD 00-Build/NVIC_program.o
LOAD 00-Build/RCC_program.o
LOAD 00-Build/SYSTICK_program.o
LOAD 00-Build/StartUpCode.o
LOAD 00-Build/UART_program.o
LOAD 00-Build/main.o
START GROUP
LOAD c:/program files (x86)/gnu arm embedded toolchain/10 2020-q4-major/bin/../lib/gcc/arm-none-eabi/10.2.1/thumb/v7-m/nofp\libgcc.a
END GROUP
START GROUP
LOAD c:/program files (x86)/gnu arm embedded toolchain/10 2020-q4-major/bin/../lib/gcc/arm-none-eabi/10.2.1/thumb/v7-m/nofp\libgcc.a
LOAD c:/program files (x86)/gnu arm embedded toolchain/10 2020-q4-major/bin/../lib/gcc/arm-none-eabi/10.2.1/../../../../arm-none-eabi/lib/thumb/v7-m/nofp\libc.a
LOAD c:/program files (x86)/gnu arm embedded toolchain/10 2020-q4-major/bin/../lib/gcc/arm-none-eabi/10.2.1/../../../../arm-none-eabi/lib/thumb/v7-m/nofp\libnosys.a
END GROUP
                0x00000200                _Min_Heap_Size = 0x200
                0x00000400                _Min_Stack_Size = 0x400
                0x20005000                _estack = (ORIGIN (RAM) + LENGTH (RAM))

.isr_vector     0x08000000      0x130
                0x08000000                . = ALIGN (0x4)
 *(.isr_vector)
 .isr_vector    0x08000000      0x130 00-Build/StartUpCode.o
                0x08000130                . = ALIGN (0x4)

.text           0x08000130     0x2384
                0x08000130                . = ALIGN (0x4)
 *(.text)
 .text          0x08000130       0x80 00-Build/AFIO_program.o
                0x08000130                AFIO_EXTI_Configuration
 .text          0x080001b0      0x3a0 00-Build/EXTI_program.o
                0x080001b0                EXTI_voidInit
                0x080001ea                EXTI_voidEnableEXTI
                0x0800022c                EXTI_voidDisableEXTI
                0x08000260                EXTI_voidSetTriggerMode
                0x08000318                EXTI_voidSWTrigger
                0x0800034c                EXTI_u8GetPendingFlag
                0x08000378                EXTI_voidClearPendingFlag
                0x080003a4                EXTI0_IRQHandler
                0x080003d0                EXTI1_IRQHandler
                0x080003fc                EXTI2_IRQHandler
                0x08000428                EXTI3_IRQHandler
                0x08000454                EXTI4_IRQHandler
                0x08000480                EXTI9_5_IRQHandler
                0x080004e8                EXTI15_10_IRQHandler
 .text          0x08000550      0x434 00-Build/GPIO_program.o
                0x08000550                GPIO_voidInitPinMode
                0x08000688                GPIO_voidWritePin
                0x08000708                GPIO_voidTogglePin
                0x08000760                GPIO_u8ReadPinValue
                0x080007b4                GPIO_voidInitHalfPort
                0x080008cc                GPIO_voidByteWrite
                0x0800094c                GPIO_u8ReadByte
                0x08000968                GPIO_voidLockPin
 .text          0x08000984      0x228 00-Build/IR_program.o
                0x08000984                IR_voidInit
                0x080009a4                IR_voidDisable
                0x080009b6                IR_u8BlockingReceive
                0x08000ab4                IR_voidInterruptReceive
                0x08000ad2                Take_Action
                0x08000b4c                Frame_Bit_Deteceted
 .text          0x08000bac      0x2f4 00-Build/LEDMRX_program.o
                0x08000bac                show_letter
                0x08000bea                Init_LedMrx_pins
 .text          0x08000ea0      0x1f0 00-Build/NVIC_program.o
                0x08000ea0                NVIC_voidInit
                0x08000eac                NVIC_voidEnableInterrupt
                0x08000ef4                NVIC_voidDisableInterrupt
                0x08000f3c                NVIC_voidSetPendingFlag
                0x08000f84                NVIC_voidClearPendingFlag
                0x08000fcc                NVIC_u8ReadActiveFlag
                0x08001054                NVIC_voidSetInterruptPriority
 .text          0x08001090      0x274 00-Build/RCC_program.o
                0x08001090                RCC_voidPeripheralClockEnable
                0x08001108                RCC_voidPeripheralClockDisable
                0x08001184                RCC_voidSetSystemClock
                0x080011ac                RCC_u8ReadSystemClock
                0x080011c8                RCC_voidTurnOnHSE
                0x0800123c                RCC_voidTurnOnHSI
                0x08001280                RCC_voidTurnOnPLL
                0x0800128c                RCC_voidSetBusesPrescaler
                0x080012dc                RCC_Init
 .text          0x08001304      0x274 00-Build/SYSTICK_program.o
                0x08001304                SYSTICK_u32GetMillis
                0x08001328                SYSTICK_voidInit
                0x0800134c                SYSTICK_voidResumeTick
                0x08001368                SYSTICK_voidSuspendTick
                0x08001384                SysTick_Handler
                0x08001400                SYSTICK_voidBlockingDelay
                0x0800145c                SYSTICK_voidSetIntervalSingle
                0x080014ac                SYSTICK_voidSetIntervalPeriodic
                0x08001500                SYSTICK_voidSetAppTick
                0x08001548                SYSTICK_u32GetElapsedTime
                0x08001564                SYSTICK_u32GetRemainingTime
 .text          0x08001578       0x94 00-Build/StartUpCode.o
                0x08001578                Reset_Handler
                0x08001600                TIM8_CC_IRQHandler
                0x08001600                DebugMon_Handler
                0x08001600                TIM1_CC_IRQHandler
                0x08001600                HardFault_Handler
                0x08001600                TIM6_IRQHandler
                0x08001600                PVD_IRQHandler
                0x08001600                SDIO_IRQHandler
                0x08001600                PendSV_Handler
                0x08001600                NMI_Handler
                0x08001600                USB_HP_CAN_TX_IRQHandler
                0x08001600                I2C2_EV_IRQHandler
                0x08001600                UsageFault_Handler
                0x08001600                ADC1_2_IRQHandler
                0x08001600                SPI1_IRQHandler
                0x08001600                CAN_SCE_IRQHandler
                0x08001600                TAMPER_IRQHandler
                0x08001600                TIM8_UP_IRQHandler
                0x08001600                DMA2_Channel2_IRQHandler
                0x08001600                DMA1_Channel4_IRQHandler
                0x08001600                USART3_IRQHandler
                0x08001600                RTC_IRQHandler
                0x08001600                DMA1_Channel7_IRQHandler
                0x08001600                TIM8_TRG_COM_IRQHandler
                0x08001600                UART5_IRQHandler
                0x08001600                ADC3_IRQHandler
                0x08001600                TIM4_IRQHandler
                0x08001600                CAN_RX1_IRQHandler
                0x08001600                DMA2_Channel1_IRQHandler
                0x08001600                I2C1_EV_IRQHandler
                0x08001600                DMA1_Channel6_IRQHandler
                0x08001600                UART4_IRQHandler
                0x08001600                TIM3_IRQHandler
                0x08001600                RCC_IRQHandler
                0x08001600                TIM1_TRG_COM_IRQHandler
                0x08001600                DMA1_Channel1_IRQHandler
                0x08001600                Default_Handler
                0x08001600                TIM7_IRQHandler
                0x08001600                TIM5_IRQHandler
                0x08001600                SPI2_IRQHandler
                0x08001600                USB_LP_CAN_RX0_IRQHandler
                0x08001600                MemManage_Handler
                0x08001600                SVC_Handler
                0x08001600                DMA1_Channel5_IRQHandler
                0x08001600                DMA1_Channel3_IRQHandler
                0x08001600                FSMC_IRQHandler
                0x08001600                TIM1_UP_IRQHandler
                0x08001600                WWDG_IRQHandler
                0x08001600                TIM2_IRQHandler
                0x08001600                TIM1_BRK_IRQHandler
                0x08001600                RTCAlarm_IRQHandler
                0x08001600                DMA2_Channel4_5_IRQHandler
                0x08001600                USART2_IRQHandler
                0x08001600                I2C2_ER_IRQHandler
                0x08001600                DMA1_Channel2_IRQHandler
                0x08001600                TIM8_BRK_IRQHandler
                0x08001600                FLASH_IRQHandler
                0x08001600                BusFault_Handler
                0x08001600                USART1_IRQHandler
                0x08001600                SPI3_IRQHandler
                0x08001600                I2C1_ER_IRQHandler
                0x08001600                DMA2_Channel3_IRQHandler
 *fill*         0x0800160c        0x4 
 .text          0x08001610      0x298 00-Build/UART_program.o
                0x080016c4                UART_Init
                0x08001758                UART_Receive
                0x08001770                UART_Transmit
                0x080017d8                UART_TransmitNumber
 .text          0x080018a8      0x13c 00-Build/main.o
                0x080018a8                main
                0x08001970                Check_Button
                0x080019d4                blink_led_callback
 .text          0x080019e4      0x254 c:/program files (x86)/gnu arm embedded toolchain/10 2020-q4-major/bin/../lib/gcc/arm-none-eabi/10.2.1/thumb/v7-m/nofp\libgcc.a(_arm_muldf3.o)
 .text          0x08001c38      0x378 c:/program files (x86)/gnu arm embedded toolchain/10 2020-q4-major/bin/../lib/gcc/arm-none-eabi/10.2.1/thumb/v7-m/nofp\libgcc.a(_arm_addsubdf3.o)
                0x08001c38                __aeabi_drsub
                0x08001c40                __aeabi_dsub
                0x08001c40                __subdf3
                0x08001c44                __aeabi_dadd
                0x08001c44                __adddf3
                0x08001ebc                __floatunsidf
                0x08001ebc                __aeabi_ui2d
                0x08001edc                __floatsidf
                0x08001edc                __aeabi_i2d
                0x08001f00                __aeabi_f2d
                0x08001f00                __extendsfdf2
                0x08001f44                __floatundidf
                0x08001f44                __aeabi_ul2d
                0x08001f54                __floatdidf
                0x08001f54                __aeabi_l2d
 .text          0x08001fb0      0x424 c:/program files (x86)/gnu arm embedded toolchain/10 2020-q4-major/bin/../lib/gcc/arm-none-eabi/10.2.1/thumb/v7-m/nofp\libgcc.a(_arm_muldivdf3.o)
                0x08001fb0                __aeabi_dmul
                0x08001fb0                __muldf3
                0x08002204                __divdf3
                0x08002204                __aeabi_ddiv
 .text          0x080023d4       0x40 c:/program files (x86)/gnu arm embedded toolchain/10 2020-q4-major/bin/../lib/gcc/arm-none-eabi/10.2.1/thumb/v7-m/nofp\libgcc.a(_arm_fixunsdfsi.o)
                0x080023d4                __aeabi_d2uiz
                0x080023d4                __fixunsdfsi
 .text          0x08002414       0xa0 c:/program files (x86)/gnu arm embedded toolchain/10 2020-q4-major/bin/../lib/gcc/arm-none-eabi/10.2.1/thumb/v7-m/nofp\libgcc.a(_arm_truncdfsf2.o)
                0x08002414                __truncdfsf2
                0x08002414                __aeabi_d2f
 *(.text*)
                0x080024b4                . = ALIGN (0x4)
                0x080024b4                _etext = .

.glue_7         0x080024b4        0x0
 .glue_7        0x080024b4        0x0 linker stubs

.glue_7t        0x080024b4        0x0
 .glue_7t       0x080024b4        0x0 linker stubs

.vfp11_veneer   0x080024b4        0x0
 .vfp11_veneer  0x080024b4        0x0 linker stubs

.v4_bx          0x080024b4        0x0
 .v4_bx         0x080024b4        0x0 linker stubs

.iplt           0x080024b4        0x0
 .iplt          0x080024b4        0x0 00-Build/EXTI_program.o

.rodata         0x080024b4       0x7c
                0x080024b4                . = ALIGN (0x4)
 *(.rodata)
 .rodata        0x080024b4       0x36 00-Build/IR_program.o
 *fill*         0x080024ea        0x2 
 .rodata        0x080024ec       0x41 00-Build/main.o
 *(.rodata*)
                0x08002530                . = ALIGN (0x4)
 *fill*         0x0800252d        0x3 
                0x08002530                _iFlashdata = LOADADDR (.data)

.rel.dyn        0x08002530        0x0
 .rel.iplt      0x08002530        0x0 00-Build/EXTI_program.o

.data           0x20000000       0x48 load address 0x08002530
                0x20000000                _idata = .
                0x20000000                . = ALIGN (0x4)
 *(.data)
 .data          0x20000000        0x0 00-Build/AFIO_program.o
 .data          0x20000000        0x0 00-Build/EXTI_program.o
 .data          0x20000000        0xc 00-Build/GPIO_program.o
 .data          0x2000000c        0x0 00-Build/IR_program.o
 .data          0x2000000c        0x0 00-Build/LEDMRX_program.o
 .data          0x2000000c       0x28 00-Build/NVIC_program.o
 .data          0x20000034        0x0 00-Build/RCC_program.o
 .data          0x20000034        0x0 00-Build/SYSTICK_program.o
 .data          0x20000034        0x0 00-Build/StartUpCode.o
 .data          0x20000034        0xc 00-Build/UART_program.o
 .data          0x20000040        0x8 00-Build/main.o
                0x20000040                led_arr
 .data          0x20000048        0x0 c:/program files (x86)/gnu arm embedded toolchain/10 2020-q4-major/bin/../lib/gcc/arm-none-eabi/10.2.1/thumb/v7-m/nofp\libgcc.a(_arm_muldf3.o)
 .data          0x20000048        0x0 c:/program files (x86)/gnu arm embedded toolchain/10 2020-q4-major/bin/../lib/gcc/arm-none-eabi/10.2.1/thumb/v7-m/nofp\libgcc.a(_arm_addsubdf3.o)
 .data          0x20000048        0x0 c:/program files (x86)/gnu arm embedded toolchain/10 2020-q4-major/bin/../lib/gcc/arm-none-eabi/10.2.1/thumb/v7-m/nofp\libgcc.a(_arm_muldivdf3.o)
 .data          0x20000048        0x0 c:/program files (x86)/gnu arm embedded toolchain/10 2020-q4-major/bin/../lib/gcc/arm-none-eabi/10.2.1/thumb/v7-m/nofp\libgcc.a(_arm_fixunsdfsi.o)
 .data          0x20000048        0x0 c:/program files (x86)/gnu arm embedded toolchain/10 2020-q4-major/bin/../lib/gcc/arm-none-eabi/10.2.1/thumb/v7-m/nofp\libgcc.a(_arm_truncdfsf2.o)
 *(.data*)
                0x20000048                . = ALIGN (0x4)
                0x20000048                _edata = .

.igot.plt       0x20000048        0x0 load address 0x08002578
 .igot.plt      0x20000048        0x0 00-Build/EXTI_program.o

.bss            0x20000048      0x134 load address 0x08002578
                0x20000048                _ibss = .
                0x20000048                . = ALIGN (0x4)
 *(.bss)
 .bss           0x20000048        0x0 00-Build/AFIO_program.o
 .bss           0x20000048       0x40 00-Build/EXTI_program.o
 .bss           0x20000088        0x0 00-Build/GPIO_program.o
 .bss           0x20000088       0xca 00-Build/IR_program.o
 .bss           0x20000152        0x0 00-Build/LEDMRX_program.o
 .bss           0x20000152        0x0 00-Build/NVIC_program.o
 .bss           0x20000152        0x0 00-Build/RCC_program.o
 *fill*         0x20000152        0x2 
 .bss           0x20000154        0xc 00-Build/SYSTICK_program.o
                0x2000015c                SYSTICK_CallBack
 .bss           0x20000160        0x0 00-Build/StartUpCode.o
 .bss           0x20000160        0x0 00-Build/UART_program.o
 .bss           0x20000160       0x19 00-Build/main.o
                0x20000160                uart_inst
 .bss           0x20000179        0x0 c:/program files (x86)/gnu arm embedded toolchain/10 2020-q4-major/bin/../lib/gcc/arm-none-eabi/10.2.1/thumb/v7-m/nofp\libgcc.a(_arm_muldf3.o)
 .bss           0x20000179        0x0 c:/program files (x86)/gnu arm embedded toolchain/10 2020-q4-major/bin/../lib/gcc/arm-none-eabi/10.2.1/thumb/v7-m/nofp\libgcc.a(_arm_addsubdf3.o)
 .bss           0x20000179        0x0 c:/program files (x86)/gnu arm embedded toolchain/10 2020-q4-major/bin/../lib/gcc/arm-none-eabi/10.2.1/thumb/v7-m/nofp\libgcc.a(_arm_muldivdf3.o)
 .bss           0x20000179        0x0 c:/program files (x86)/gnu arm embedded toolchain/10 2020-q4-major/bin/../lib/gcc/arm-none-eabi/10.2.1/thumb/v7-m/nofp\libgcc.a(_arm_fixunsdfsi.o)
 .bss           0x20000179        0x0 c:/program files (x86)/gnu arm embedded toolchain/10 2020-q4-major/bin/../lib/gcc/arm-none-eabi/10.2.1/thumb/v7-m/nofp\libgcc.a(_arm_truncdfsf2.o)
 *(.bss*)
                0x2000017c                . = ALIGN (0x4)
 *fill*         0x20000179        0x3 
                0x2000017c                _ebss = .

.user_heap_stack
                0x2000017c      0x604 load address 0x08002578
                0x20000180                . = ALIGN (0x8)
 *fill*         0x2000017c        0x4 
                0x20000380                . = (. + _Min_Heap_Size)
 *fill*         0x20000180      0x200 
                0x20000780                . = (. + _Min_Stack_Size)
 *fill*         0x20000380      0x400 
                0x20000780                . = ALIGN (0x8)
OUTPUT(app_program.elf elf32-littlearm)
LOAD linker stubs

.comment        0x00000000       0x4d
 .comment       0x00000000       0x4d 00-Build/AFIO_program.o
                                 0x4e (size before relaxing)
 .comment       0x0000004d       0x4e 00-Build/EXTI_program.o
 .comment       0x0000004d       0x4e 00-Build/GPIO_program.o
 .comment       0x0000004d       0x4e 00-Build/IR_program.o
 .comment       0x0000004d       0x4e 00-Build/LEDMRX_program.o
 .comment       0x0000004d       0x4e 00-Build/NVIC_program.o
 .comment       0x0000004d       0x4e 00-Build/RCC_program.o
 .comment       0x0000004d       0x4e 00-Build/SYSTICK_program.o
 .comment       0x0000004d       0x4e 00-Build/StartUpCode.o
 .comment       0x0000004d       0x4e 00-Build/UART_program.o
 .comment       0x0000004d       0x4e 00-Build/main.o

.ARM.attributes
                0x00000000       0x2d
 .ARM.attributes
                0x00000000       0x2d 00-Build/AFIO_program.o
 .ARM.attributes
                0x0000002d       0x2d 00-Build/EXTI_program.o
 .ARM.attributes
                0x0000005a       0x2d 00-Build/GPIO_program.o
 .ARM.attributes
                0x00000087       0x2d 00-Build/IR_program.o
 .ARM.attributes
                0x000000b4       0x2d 00-Build/LEDMRX_program.o
 .ARM.attributes
                0x000000e1       0x2d 00-Build/NVIC_program.o
 .ARM.attributes
                0x0000010e       0x2d 00-Build/RCC_program.o
 .ARM.attributes
                0x0000013b       0x2d 00-Build/SYSTICK_program.o
 .ARM.attributes
                0x00000168       0x2d 00-Build/StartUpCode.o
 .ARM.attributes
                0x00000195       0x2d 00-Build/UART_program.o
 .ARM.attributes
                0x000001c2       0x2d 00-Build/main.o
 .ARM.attributes
                0x000001ef       0x1d c:/program files (x86)/gnu arm embedded toolchain/10 2020-q4-major/bin/../lib/gcc/arm-none-eabi/10.2.1/thumb/v7-m/nofp\libgcc.a(_arm_muldf3.o)
 .ARM.attributes
                0x0000020c       0x1d c:/program files (x86)/gnu arm embedded toolchain/10 2020-q4-major/bin/../lib/gcc/arm-none-eabi/10.2.1/thumb/v7-m/nofp\libgcc.a(_arm_addsubdf3.o)
 .ARM.attributes
                0x00000229       0x1d c:/program files (x86)/gnu arm embedded toolchain/10 2020-q4-major/bin/../lib/gcc/arm-none-eabi/10.2.1/thumb/v7-m/nofp\libgcc.a(_arm_muldivdf3.o)
 .ARM.attributes
                0x00000246       0x1d c:/program files (x86)/gnu arm embedded toolchain/10 2020-q4-major/bin/../lib/gcc/arm-none-eabi/10.2.1/thumb/v7-m/nofp\libgcc.a(_arm_fixunsdfsi.o)
 .ARM.attributes
                0x00000263       0x1d c:/program files (x86)/gnu arm embedded toolchain/10 2020-q4-major/bin/../lib/gcc/arm-none-eabi/10.2.1/thumb/v7-m/nofp\libgcc.a(_arm_truncdfsf2.o)

.debug_frame    0x00000000      0x174
 .debug_frame   0x00000000       0x30 c:/program files (x86)/gnu arm embedded toolchain/10 2020-q4-major/bin/../lib/gcc/arm-none-eabi/10.2.1/thumb/v7-m/nofp\libgcc.a(_arm_muldf3.o)
 .debug_frame   0x00000030       0xac c:/program files (x86)/gnu arm embedded toolchain/10 2020-q4-major/bin/../lib/gcc/arm-none-eabi/10.2.1/thumb/v7-m/nofp\libgcc.a(_arm_addsubdf3.o)
 .debug_frame   0x000000dc       0x50 c:/program files (x86)/gnu arm embedded toolchain/10 2020-q4-major/bin/../lib/gcc/arm-none-eabi/10.2.1/thumb/v7-m/nofp\libgcc.a(_arm_muldivdf3.o)
 .debug_frame   0x0000012c       0x24 c:/program files (x86)/gnu arm embedded toolchain/10 2020-q4-major/bin/../lib/gcc/arm-none-eabi/10.2.1/thumb/v7-m/nofp\libgcc.a(_arm_fixunsdfsi.o)
 .debug_frame   0x00000150       0x24 c:/program files (x86)/gnu arm embedded toolchain/10 2020-q4-major/bin/../lib/gcc/arm-none-eabi/10.2.1/thumb/v7-m/nofp\libgcc.a(_arm_truncdfsf2.o)
