
Memory Configuration

Name             Origin             Length             Attributes
RAM              0x20000000         0x00005000         xrw
FLASH            0x08000000         0x00010000         xr
*default*        0x00000000         0xffffffff

Linker script and memory map

LOAD 00-Build/AFIO_program.o
LOAD 00-Build/EXTI_program.o
LOAD 00-Build/GPIO_program.o
LOAD 00-Build/NVIC_program.o
LOAD 00-Build/RCC_program.o
LOAD 00-Build/StartUpCode.o
LOAD 00-Build/main.o
START GROUP
LOAD c:/program files (x86)/gnu arm embedded toolchain/10 2020-q4-major/bin/../lib/gcc/arm-none-eabi/10.2.1/thumb/v7-m/nofp\libgcc.a
END GROUP
START GROUP
LOAD c:/program files (x86)/gnu arm embedded toolchain/10 2020-q4-major/bin/../lib/gcc/arm-none-eabi/10.2.1/thumb/v7-m/nofp\libgcc.a
LOAD c:/program files (x86)/gnu arm embedded toolchain/10 2020-q4-major/bin/../lib/gcc/arm-none-eabi/10.2.1/../../../../arm-none-eabi/lib/thumb/v7-m/nofp\libc.a
LOAD c:/program files (x86)/gnu arm embedded toolchain/10 2020-q4-major/bin/../lib/gcc/arm-none-eabi/10.2.1/../../../../arm-none-eabi/lib/thumb/v7-m/nofp\libnosys.a
END GROUP
                0x00000200                _Min_Heap_Size = 0x200
                0x00000400                _Min_Stack_Size = 0x400
                0x20005000                _estack = (ORIGIN (RAM) + LENGTH (RAM))

.isr_vector     0x08000000      0x130
                0x08000000                . = ALIGN (0x4)
 *(.isr_vector)
 .isr_vector    0x08000000      0x130 00-Build/StartUpCode.o
                0x08000130                . = ALIGN (0x4)

.text           0x08000130      0xb64
                0x08000130                . = ALIGN (0x4)
 *(.text)
 .text          0x08000130       0x80 00-Build/AFIO_program.o
                0x08000130                AFIO_EXTI_Configuration
 .text          0x080001b0      0x180 00-Build/EXTI_program.o
                0x080001b0                EXTI_voidInit
                0x080001de                EXTI_voidEnableEXTI
                0x08000210                EXTI_voidDisableEXTI
                0x08000244                EXTI_voidSetTriggerMode
                0x080002fc                EXTI_voidSWTrigger
 .text          0x08000330      0x3dc 00-Build/GPIO_program.o
                0x08000330                GPIO_voidInitPinMode
                0x08000468                GPIO_voidWritePin
                0x080004e8                GPIO_u8ReadPinValue
                0x0800053c                GPIO_voidInitHalfPort
                0x08000654                GPIO_voidByteWrite
                0x080006d4                GPIO_u8ReadByte
                0x080006f0                GPIO_voidLockPin
 .text          0x0800070c      0x1fc 00-Build/NVIC_program.o
                0x0800070c                NVIC_voidEnableInterrupt
                0x08000754                NVIC_voidDisableInterrupt
                0x0800079c                NVIC_voidSetPendingFlag
                0x080007e4                NVIC_voidClearPendingFlag
                0x0800082c                NVIC_u8ReadActiveFlag
                0x080008b4                NVIC_voidSetInterruptPriority
 .text          0x08000908      0x2b8 00-Build/RCC_program.o
                0x08000908                RCC_voidPeripheralClockEnable
                0x08000980                RCC_voidPeripheralClockDisable
                0x080009fc                RCC_voidSetSystemClock
                0x08000a24                RCC_u8ReadSystemClock
                0x08000a40                RCC_voidTurnOnHSE
                0x08000ab4                RCC_voidTurnOnHSI
                0x08000af8                RCC_voidTurnOnPLL
                0x08000b64                RCC_voidSetBusesPrescaler
                0x08000bb4                RCC_Init
 .text          0x08000bc0       0x94 00-Build/StartUpCode.o
                0x08000bc0                Reset_Handler
                0x08000c48                TIM8_TRG_COM_IRQHandler
                0x08000c48                TIM8_CC_IRQHandler
                0x08000c48                DebugMon_Handler
                0x08000c48                TIM1_CC_IRQHandler
                0x08000c48                HardFault_Handler
                0x08000c48                TIM6_IRQHandler
                0x08000c48                SysTick_Handler
                0x08000c48                PVD_IRQHandler
                0x08000c48                SDIO_IRQHandler
                0x08000c48                PendSV_Handler
                0x08000c48                NMI_Handler
                0x08000c48                EXTI3_IRQHandler
                0x08000c48                USB_HP_CAN_TX_IRQHandler
                0x08000c48                EXTI0_IRQHandler
                0x08000c48                I2C2_EV_IRQHandler
                0x08000c48                UsageFault_Handler
                0x08000c48                ADC1_2_IRQHandler
                0x08000c48                SPI1_IRQHandler
                0x08000c48                CAN_SCE_IRQHandler
                0x08000c48                TAMPER_IRQHandler
                0x08000c48                TIM8_UP_IRQHandler
                0x08000c48                DMA2_Channel2_IRQHandler
                0x08000c48                DMA1_Channel4_IRQHandler
                0x08000c48                USART3_IRQHandler
                0x08000c48                RTC_IRQHandler
                0x08000c48                DMA1_Channel7_IRQHandler
                0x08000c48                EXTI2_IRQHandler
                0x08000c48                UART5_IRQHandler
                0x08000c48                ADC3_IRQHandler
                0x08000c48                TIM4_IRQHandler
                0x08000c48                CAN_RX1_IRQHandler
                0x08000c48                DMA2_Channel1_IRQHandler
                0x08000c48                I2C1_EV_IRQHandler
                0x08000c48                DMA1_Channel6_IRQHandler
                0x08000c48                UART4_IRQHandler
                0x08000c48                TIM3_IRQHandler
                0x08000c48                RCC_IRQHandler
                0x08000c48                TIM1_TRG_COM_IRQHandler
                0x08000c48                DMA1_Channel1_IRQHandler
                0x08000c48                Default_Handler
                0x08000c48                EXTI15_10_IRQHandler
                0x08000c48                TIM7_IRQHandler
                0x08000c48                TIM5_IRQHandler
                0x08000c48                EXTI9_5_IRQHandler
                0x08000c48                SPI2_IRQHandler
                0x08000c48                USB_LP_CAN_RX0_IRQHandler
                0x08000c48                MemManage_Handler
                0x08000c48                SVC_Handler
                0x08000c48                DMA1_Channel5_IRQHandler
                0x08000c48                EXTI4_IRQHandler
                0x08000c48                DMA1_Channel3_IRQHandler
                0x08000c48                FSMC_IRQHandler
                0x08000c48                TIM1_UP_IRQHandler
                0x08000c48                WWDG_IRQHandler
                0x08000c48                TIM2_IRQHandler
                0x08000c48                TIM1_BRK_IRQHandler
                0x08000c48                EXTI1_IRQHandler
                0x08000c48                RTCAlarm_IRQHandler
                0x08000c48                DMA2_Channel4_5_IRQHandler
                0x08000c48                USART2_IRQHandler
                0x08000c48                I2C2_ER_IRQHandler
                0x08000c48                DMA1_Channel2_IRQHandler
                0x08000c48                TIM8_BRK_IRQHandler
                0x08000c48                FLASH_IRQHandler
                0x08000c48                BusFault_Handler
                0x08000c48                USART1_IRQHandler
                0x08000c48                SPI3_IRQHandler
                0x08000c48                I2C1_ER_IRQHandler
                0x08000c48                DMA2_Channel3_IRQHandler
 .text          0x08000c54       0x40 00-Build/main.o
                0x08000c54                main
 *(.text*)
                0x08000c94                . = ALIGN (0x4)
                0x08000c94                _etext = .

.glue_7         0x08000c94        0x0
 .glue_7        0x08000c94        0x0 linker stubs

.glue_7t        0x08000c94        0x0
 .glue_7t       0x08000c94        0x0 linker stubs

.vfp11_veneer   0x08000c94        0x0
 .vfp11_veneer  0x08000c94        0x0 linker stubs

.v4_bx          0x08000c94        0x0
 .v4_bx         0x08000c94        0x0 linker stubs

.iplt           0x08000c94        0x0
 .iplt          0x08000c94        0x0 00-Build/EXTI_program.o

.rel.dyn        0x08000c94        0x0
 .rel.iplt      0x08000c94        0x0 00-Build/EXTI_program.o

.rodata         0x08000c94        0x0
                0x08000c94                . = ALIGN (0x4)
 *(.rodata)
 *(.rodata*)
                0x08000c94                . = ALIGN (0x4)
                0x08000c94                _iFlashdata = LOADADDR (.data)

.data           0x20000000       0x34 load address 0x08000c94
                0x20000000                _idata = .
                0x20000000                . = ALIGN (0x4)
 *(.data)
 .data          0x20000000        0x0 00-Build/AFIO_program.o
 .data          0x20000000        0x0 00-Build/EXTI_program.o
 .data          0x20000000        0xc 00-Build/GPIO_program.o
 .data          0x2000000c       0x28 00-Build/NVIC_program.o
 .data          0x20000034        0x0 00-Build/RCC_program.o
 .data          0x20000034        0x0 00-Build/StartUpCode.o
 .data          0x20000034        0x0 00-Build/main.o
 *(.data*)
                0x20000034                . = ALIGN (0x4)
                0x20000034                _edata = .

.igot.plt       0x20000034        0x0 load address 0x08000cc8
 .igot.plt      0x20000034        0x0 00-Build/EXTI_program.o

.bss            0x20000034        0x4 load address 0x08000cc8
                0x20000034                _ibss = .
                0x20000034                . = ALIGN (0x4)
 *(.bss)
 .bss           0x20000034        0x0 00-Build/AFIO_program.o
 .bss           0x20000034        0x0 00-Build/EXTI_program.o
 .bss           0x20000034        0x0 00-Build/GPIO_program.o
 .bss           0x20000034        0x1 00-Build/NVIC_program.o
 .bss           0x20000035        0x0 00-Build/RCC_program.o
 .bss           0x20000035        0x0 00-Build/StartUpCode.o
 .bss           0x20000035        0x0 00-Build/main.o
 *(.bss*)
                0x20000038                . = ALIGN (0x4)
 *fill*         0x20000035        0x3 
                0x20000038                _ebss = .

.user_heap_stack
                0x20000038      0x600 load address 0x08000cc8
                0x20000038                . = ALIGN (0x8)
                0x20000238                . = (. + _Min_Heap_Size)
 *fill*         0x20000038      0x200 
                0x20000638                . = (. + _Min_Stack_Size)
 *fill*         0x20000238      0x400 
                0x20000638                . = ALIGN (0x8)
OUTPUT(app_program.elf elf32-littlearm)
LOAD linker stubs

.comment        0x00000000       0x4d
 .comment       0x00000000       0x4d 00-Build/AFIO_program.o
                                 0x4e (size before relaxing)
 .comment       0x0000004d       0x4e 00-Build/EXTI_program.o
 .comment       0x0000004d       0x4e 00-Build/GPIO_program.o
 .comment       0x0000004d       0x4e 00-Build/NVIC_program.o
 .comment       0x0000004d       0x4e 00-Build/RCC_program.o
 .comment       0x0000004d       0x4e 00-Build/StartUpCode.o
 .comment       0x0000004d       0x4e 00-Build/main.o

.ARM.attributes
                0x00000000       0x2d
 .ARM.attributes
                0x00000000       0x2d 00-Build/AFIO_program.o
 .ARM.attributes
                0x0000002d       0x2d 00-Build/EXTI_program.o
 .ARM.attributes
                0x0000005a       0x2d 00-Build/GPIO_program.o
 .ARM.attributes
                0x00000087       0x2d 00-Build/NVIC_program.o
 .ARM.attributes
                0x000000b4       0x2d 00-Build/RCC_program.o
 .ARM.attributes
                0x000000e1       0x2d 00-Build/StartUpCode.o
 .ARM.attributes
                0x0000010e       0x2d 00-Build/main.o
