Archive member included to satisfy reference by file (symbol)

c:/program files (x86)/gnu arm embedded toolchain/10 2020-q4-major/bin/../lib/gcc/arm-none-eabi/10.2.1/thumb/v7-m/nofp\libgcc.a(_arm_muldf3.o)
                              00-Build/UART_program.o (__aeabi_dmul)
c:/program files (x86)/gnu arm embedded toolchain/10 2020-q4-major/bin/../lib/gcc/arm-none-eabi/10.2.1/thumb/v7-m/nofp\libgcc.a(_arm_addsubdf3.o)
                              00-Build/UART_program.o (__aeabi_dsub)
c:/program files (x86)/gnu arm embedded toolchain/10 2020-q4-major/bin/../lib/gcc/arm-none-eabi/10.2.1/thumb/v7-m/nofp\libgcc.a(_arm_muldivdf3.o)
                              00-Build/UART_program.o (__aeabi_ddiv)
c:/program files (x86)/gnu arm embedded toolchain/10 2020-q4-major/bin/../lib/gcc/arm-none-eabi/10.2.1/thumb/v7-m/nofp\libgcc.a(_arm_fixunsdfsi.o)
                              00-Build/UART_program.o (__aeabi_d2uiz)
c:/program files (x86)/gnu arm embedded toolchain/10 2020-q4-major/bin/../lib/gcc/arm-none-eabi/10.2.1/thumb/v7-m/nofp\libgcc.a(_arm_truncdfsf2.o)
                              00-Build/UART_program.o (__aeabi_d2f)

Memory Configuration

Name             Origin             Length             Attributes
RAM              0x20000000         0x00005000         xrw
FLASH            0x08000000         0x00010000         xr
*default*        0x00000000         0xffffffff

Linker script and memory map

LOAD 00-Build/AFIO_program.o
LOAD 00-Build/EXTI_program.o
LOAD 00-Build/GPIO_program.o
LOAD 00-Build/IR_program.o
LOAD 00-Build/LEDMRX_program.o
LOAD 00-Build/NVIC_program.o
LOAD 00-Build/RCC_program.o
LOAD 00-Build/SCHED_Lconfig.o
LOAD 00-Build/SCHED_program.o
LOAD 00-Build/SYSTICK_program.o
LOAD 00-Build/StartUpCode.o
LOAD 00-Build/UART_program.o
LOAD 00-Build/main.o
START GROUP
LOAD c:/program files (x86)/gnu arm embedded toolchain/10 2020-q4-major/bin/../lib/gcc/arm-none-eabi/10.2.1/thumb/v7-m/nofp\libgcc.a
END GROUP
START GROUP
LOAD c:/program files (x86)/gnu arm embedded toolchain/10 2020-q4-major/bin/../lib/gcc/arm-none-eabi/10.2.1/thumb/v7-m/nofp\libgcc.a
LOAD c:/program files (x86)/gnu arm embedded toolchain/10 2020-q4-major/bin/../lib/gcc/arm-none-eabi/10.2.1/../../../../arm-none-eabi/lib/thumb/v7-m/nofp\libc.a
LOAD c:/program files (x86)/gnu arm embedded toolchain/10 2020-q4-major/bin/../lib/gcc/arm-none-eabi/10.2.1/../../../../arm-none-eabi/lib/thumb/v7-m/nofp\libnosys.a
END GROUP
                0x00000200                _Min_Heap_Size = 0x200
                0x00000400                _Min_Stack_Size = 0x400
                0x20005000                _estack = (ORIGIN (RAM) + LENGTH (RAM))

.isr_vector     0x08000000      0x130
                0x08000000                . = ALIGN (0x4)
 *(.isr_vector)
 .isr_vector    0x08000000      0x130 00-Build/StartUpCode.o
                0x08000130                . = ALIGN (0x4)

.text           0x08000130     0x271c
                0x08000130                . = ALIGN (0x4)
 *(.text)
 .text          0x08000130       0x80 00-Build/AFIO_program.o
                0x08000130                AFIO_EXTI_Configuration
 .text          0x080001b0      0x3a0 00-Build/EXTI_program.o
                0x080001b0                EXTI_voidInit
                0x080001ea                EXTI_voidEnableEXTI
                0x0800022c                EXTI_voidDisableEXTI
                0x08000260                EXTI_voidSetTriggerMode
                0x08000318                EXTI_voidSWTrigger
                0x0800034c                EXTI_u8GetPendingFlag
                0x08000378                EXTI_voidClearPendingFlag
                0x080003a4                EXTI0_IRQHandler
                0x080003d0                EXTI1_IRQHandler
                0x080003fc                EXTI2_IRQHandler
                0x08000428                EXTI3_IRQHandler
                0x08000454                EXTI4_IRQHandler
                0x08000480                EXTI9_5_IRQHandler
                0x080004e8                EXTI15_10_IRQHandler
 .text          0x08000550      0x434 00-Build/GPIO_program.o
                0x08000550                GPIO_voidInitPinMode
                0x08000688                GPIO_voidWritePin
                0x08000708                GPIO_voidTogglePin
                0x08000760                GPIO_u8ReadPinValue
                0x080007b4                GPIO_voidInitHalfPort
                0x080008cc                GPIO_voidByteWrite
                0x0800094c                GPIO_u8ReadByte
                0x08000968                GPIO_voidLockPin
 .text          0x08000984      0x1f4 00-Build/IR_program.o
                0x08000984                IR_voidInit
                0x08000b5c                IR_voidStopReceiving
 .text          0x08000b78      0x2f4 00-Build/LEDMRX_program.o
                0x08000b78                show_letter
                0x08000bb6                Init_LedMrx_pins
 .text          0x08000e6c      0x1f0 00-Build/NVIC_program.o
                0x08000e6c                NVIC_voidInit
                0x08000e78                NVIC_voidEnableInterrupt
                0x08000ec0                NVIC_voidDisableInterrupt
                0x08000f08                NVIC_voidSetPendingFlag
                0x08000f50                NVIC_voidClearPendingFlag
                0x08000f98                NVIC_u8ReadActiveFlag
                0x08001020                NVIC_voidSetInterruptPriority
 .text          0x0800105c      0x274 00-Build/RCC_program.o
                0x0800105c                RCC_voidPeripheralClockEnable
                0x080010d4                RCC_voidPeripheralClockDisable
                0x08001150                RCC_voidSetSystemClock
                0x08001178                RCC_u8ReadSystemClock
                0x08001194                RCC_voidTurnOnHSE
                0x08001208                RCC_voidTurnOnHSI
                0x0800124c                RCC_voidTurnOnPLL
                0x08001258                RCC_voidSetBusesPrescaler
                0x080012a8                RCC_Init
 .text          0x080012d0        0x0 00-Build/SCHED_Lconfig.o
 .text          0x080012d0      0x300 00-Build/SCHED_program.o
                0x080012d0                SCHED_voidInit
                0x08001410                SCHED_voidAddTask
                0x080014a0                SCHED_voidDeleteTask
                0x080014ec                SCHED_voidSuspendTask
                0x08001538                SCHED_voidResumeTask
                0x08001584                SCHED_GetTaskStatus
 .text          0x080015d0      0x274 00-Build/SYSTICK_program.o
                0x080015d0                SYSTICK_u32GetMillis
                0x080015f4                SYSTICK_voidInit
                0x08001618                SYSTICK_voidResumeTick
                0x08001634                SYSTICK_voidSuspendTick
                0x08001650                SysTick_Handler
                0x080016cc                SYSTICK_voidBlockingDelay
                0x08001728                SYSTICK_voidSetIntervalSingle
                0x08001778                SYSTICK_voidSetIntervalPeriodic
                0x080017cc                SYSTICK_voidSetAppTick
                0x08001814                SYSTICK_u32GetElapsedTime
                0x08001830                SYSTICK_u32GetRemainingTime
 .text          0x08001844       0x94 00-Build/StartUpCode.o
                0x08001844                Reset_Handler
                0x080018cc                TIM8_CC_IRQHandler
                0x080018cc                DebugMon_Handler
                0x080018cc                TIM1_CC_IRQHandler
                0x080018cc                HardFault_Handler
                0x080018cc                TIM6_IRQHandler
                0x080018cc                PVD_IRQHandler
                0x080018cc                SDIO_IRQHandler
                0x080018cc                PendSV_Handler
                0x080018cc                NMI_Handler
                0x080018cc                USB_HP_CAN_TX_IRQHandler
                0x080018cc                I2C2_EV_IRQHandler
                0x080018cc                UsageFault_Handler
                0x080018cc                ADC1_2_IRQHandler
                0x080018cc                SPI1_IRQHandler
                0x080018cc                CAN_SCE_IRQHandler
                0x080018cc                TAMPER_IRQHandler
                0x080018cc                TIM8_UP_IRQHandler
                0x080018cc                DMA2_Channel2_IRQHandler
                0x080018cc                DMA1_Channel4_IRQHandler
                0x080018cc                USART3_IRQHandler
                0x080018cc                RTC_IRQHandler
                0x080018cc                DMA1_Channel7_IRQHandler
                0x080018cc                TIM8_TRG_COM_IRQHandler
                0x080018cc                UART5_IRQHandler
                0x080018cc                ADC3_IRQHandler
                0x080018cc                TIM4_IRQHandler
                0x080018cc                CAN_RX1_IRQHandler
                0x080018cc                DMA2_Channel1_IRQHandler
                0x080018cc                I2C1_EV_IRQHandler
                0x080018cc                DMA1_Channel6_IRQHandler
                0x080018cc                UART4_IRQHandler
                0x080018cc                TIM3_IRQHandler
                0x080018cc                RCC_IRQHandler
                0x080018cc                TIM1_TRG_COM_IRQHandler
                0x080018cc                DMA1_Channel1_IRQHandler
                0x080018cc                Default_Handler
                0x080018cc                TIM7_IRQHandler
                0x080018cc                TIM5_IRQHandler
                0x080018cc                SPI2_IRQHandler
                0x080018cc                USB_LP_CAN_RX0_IRQHandler
                0x080018cc                MemManage_Handler
                0x080018cc                SVC_Handler
                0x080018cc                DMA1_Channel5_IRQHandler
                0x080018cc                DMA1_Channel3_IRQHandler
                0x080018cc                FSMC_IRQHandler
                0x080018cc                TIM1_UP_IRQHandler
                0x080018cc                WWDG_IRQHandler
                0x080018cc                TIM2_IRQHandler
                0x080018cc                TIM1_BRK_IRQHandler
                0x080018cc                RTCAlarm_IRQHandler
                0x080018cc                DMA2_Channel4_5_IRQHandler
                0x080018cc                USART2_IRQHandler
                0x080018cc                I2C2_ER_IRQHandler
                0x080018cc                DMA1_Channel2_IRQHandler
                0x080018cc                TIM8_BRK_IRQHandler
                0x080018cc                FLASH_IRQHandler
                0x080018cc                BusFault_Handler
                0x080018cc                USART1_IRQHandler
                0x080018cc                SPI3_IRQHandler
                0x080018cc                I2C1_ER_IRQHandler
                0x080018cc                DMA2_Channel3_IRQHandler
 .text          0x080018d8      0x298 00-Build/UART_program.o
                0x0800198c                UART_Init
                0x08001a20                UART_Receive
                0x08001a38                UART_Transmit
                0x08001aa0                UART_TransmitNumber
 .text          0x08001b70      0x20c 00-Build/main.o
                0x08001b70                Blink_t1
                0x08001b94                Blink_t2
                0x08001bb8                Blink_t3
                0x08001bdc                main
                0x08001ccc                IR_Data
                0x08001d08                Check_Button
                0x08001d6c                blink_led_callback
 .text          0x08001d7c      0x254 c:/program files (x86)/gnu arm embedded toolchain/10 2020-q4-major/bin/../lib/gcc/arm-none-eabi/10.2.1/thumb/v7-m/nofp\libgcc.a(_arm_muldf3.o)
 .text          0x08001fd0      0x378 c:/program files (x86)/gnu arm embedded toolchain/10 2020-q4-major/bin/../lib/gcc/arm-none-eabi/10.2.1/thumb/v7-m/nofp\libgcc.a(_arm_addsubdf3.o)
                0x08001fd0                __aeabi_drsub
                0x08001fd8                __aeabi_dsub
                0x08001fd8                __subdf3
                0x08001fdc                __aeabi_dadd
                0x08001fdc                __adddf3
                0x08002254                __floatunsidf
                0x08002254                __aeabi_ui2d
                0x08002274                __floatsidf
                0x08002274                __aeabi_i2d
                0x08002298                __aeabi_f2d
                0x08002298                __extendsfdf2
                0x080022dc                __floatundidf
                0x080022dc                __aeabi_ul2d
                0x080022ec                __floatdidf
                0x080022ec                __aeabi_l2d
 .text          0x08002348      0x424 c:/program files (x86)/gnu arm embedded toolchain/10 2020-q4-major/bin/../lib/gcc/arm-none-eabi/10.2.1/thumb/v7-m/nofp\libgcc.a(_arm_muldivdf3.o)
                0x08002348                __aeabi_dmul
                0x08002348                __muldf3
                0x0800259c                __divdf3
                0x0800259c                __aeabi_ddiv
 .text          0x0800276c       0x40 c:/program files (x86)/gnu arm embedded toolchain/10 2020-q4-major/bin/../lib/gcc/arm-none-eabi/10.2.1/thumb/v7-m/nofp\libgcc.a(_arm_fixunsdfsi.o)
                0x0800276c                __aeabi_d2uiz
                0x0800276c                __fixunsdfsi
 .text          0x080027ac       0xa0 c:/program files (x86)/gnu arm embedded toolchain/10 2020-q4-major/bin/../lib/gcc/arm-none-eabi/10.2.1/thumb/v7-m/nofp\libgcc.a(_arm_truncdfsf2.o)
                0x080027ac                __truncdfsf2
                0x080027ac                __aeabi_d2f
 *(.text*)
                0x0800284c                . = ALIGN (0x4)
                0x0800284c                _etext = .

.glue_7         0x0800284c        0x0
 .glue_7        0x0800284c        0x0 linker stubs

.glue_7t        0x0800284c        0x0
 .glue_7t       0x0800284c        0x0 linker stubs

.vfp11_veneer   0x0800284c        0x0
 .vfp11_veneer  0x0800284c        0x0 linker stubs

.v4_bx          0x0800284c        0x0
 .v4_bx         0x0800284c        0x0 linker stubs

.iplt           0x0800284c        0x0
 .iplt          0x0800284c        0x0 00-Build/EXTI_program.o

.rodata         0x0800284c       0x2c
                0x0800284c                . = ALIGN (0x4)
 *(.rodata)
 .rodata        0x0800284c        0xd 00-Build/IR_program.o
 *fill*         0x08002859        0x3 
 .rodata        0x0800285c       0x1b 00-Build/main.o
 *(.rodata*)
                0x08002878                . = ALIGN (0x4)
 *fill*         0x08002877        0x1 
                0x08002878                _iFlashdata = LOADADDR (.data)

.rel.dyn        0x08002878        0x0
 .rel.iplt      0x08002878        0x0 00-Build/EXTI_program.o

.data           0x20000000       0x48 load address 0x08002878
                0x20000000                _idata = .
                0x20000000                . = ALIGN (0x4)
 *(.data)
 .data          0x20000000        0x0 00-Build/AFIO_program.o
 .data          0x20000000        0x0 00-Build/EXTI_program.o
 .data          0x20000000        0xc 00-Build/GPIO_program.o
 .data          0x2000000c        0x0 00-Build/IR_program.o
 .data          0x2000000c        0x0 00-Build/LEDMRX_program.o
 .data          0x2000000c       0x28 00-Build/NVIC_program.o
 .data          0x20000034        0x0 00-Build/RCC_program.o
 .data          0x20000034        0x0 00-Build/SCHED_Lconfig.o
 .data          0x20000034        0x0 00-Build/SCHED_program.o
 .data          0x20000034        0x0 00-Build/SYSTICK_program.o
 .data          0x20000034        0x0 00-Build/StartUpCode.o
 .data          0x20000034        0xc 00-Build/UART_program.o
 .data          0x20000040        0x8 00-Build/main.o
                0x20000040                led_arr
 .data          0x20000048        0x0 c:/program files (x86)/gnu arm embedded toolchain/10 2020-q4-major/bin/../lib/gcc/arm-none-eabi/10.2.1/thumb/v7-m/nofp\libgcc.a(_arm_muldf3.o)
 .data          0x20000048        0x0 c:/program files (x86)/gnu arm embedded toolchain/10 2020-q4-major/bin/../lib/gcc/arm-none-eabi/10.2.1/thumb/v7-m/nofp\libgcc.a(_arm_addsubdf3.o)
 .data          0x20000048        0x0 c:/program files (x86)/gnu arm embedded toolchain/10 2020-q4-major/bin/../lib/gcc/arm-none-eabi/10.2.1/thumb/v7-m/nofp\libgcc.a(_arm_muldivdf3.o)
 .data          0x20000048        0x0 c:/program files (x86)/gnu arm embedded toolchain/10 2020-q4-major/bin/../lib/gcc/arm-none-eabi/10.2.1/thumb/v7-m/nofp\libgcc.a(_arm_fixunsdfsi.o)
 .data          0x20000048        0x0 c:/program files (x86)/gnu arm embedded toolchain/10 2020-q4-major/bin/../lib/gcc/arm-none-eabi/10.2.1/thumb/v7-m/nofp\libgcc.a(_arm_truncdfsf2.o)
 *(.data*)
                0x20000048                . = ALIGN (0x4)
                0x20000048                _edata = .

.igot.plt       0x20000048        0x0 load address 0x080028c0
 .igot.plt      0x20000048        0x0 00-Build/EXTI_program.o

.bss            0x20000048      0x12c load address 0x080028c0
                0x20000048                _ibss = .
                0x20000048                . = ALIGN (0x4)
 *(.bss)
 .bss           0x20000048        0x0 00-Build/AFIO_program.o
 .bss           0x20000048       0x40 00-Build/EXTI_program.o
 .bss           0x20000088        0x0 00-Build/GPIO_program.o
 .bss           0x20000088       0x8d 00-Build/IR_program.o
 .bss           0x20000115        0x0 00-Build/LEDMRX_program.o
 .bss           0x20000115        0x0 00-Build/NVIC_program.o
 .bss           0x20000115        0x0 00-Build/RCC_program.o
 .bss           0x20000115        0x0 00-Build/SCHED_Lconfig.o
 *fill*         0x20000115        0x3 
 .bss           0x20000118       0x34 00-Build/SCHED_program.o
 .bss           0x2000014c        0xc 00-Build/SYSTICK_program.o
                0x20000154                SYSTICK_CallBack
 .bss           0x20000158        0x0 00-Build/StartUpCode.o
 .bss           0x20000158        0x0 00-Build/UART_program.o
 .bss           0x20000158       0x19 00-Build/main.o
                0x20000158                uart_inst
 .bss           0x20000171        0x0 c:/program files (x86)/gnu arm embedded toolchain/10 2020-q4-major/bin/../lib/gcc/arm-none-eabi/10.2.1/thumb/v7-m/nofp\libgcc.a(_arm_muldf3.o)
 .bss           0x20000171        0x0 c:/program files (x86)/gnu arm embedded toolchain/10 2020-q4-major/bin/../lib/gcc/arm-none-eabi/10.2.1/thumb/v7-m/nofp\libgcc.a(_arm_addsubdf3.o)
 .bss           0x20000171        0x0 c:/program files (x86)/gnu arm embedded toolchain/10 2020-q4-major/bin/../lib/gcc/arm-none-eabi/10.2.1/thumb/v7-m/nofp\libgcc.a(_arm_muldivdf3.o)
 .bss           0x20000171        0x0 c:/program files (x86)/gnu arm embedded toolchain/10 2020-q4-major/bin/../lib/gcc/arm-none-eabi/10.2.1/thumb/v7-m/nofp\libgcc.a(_arm_fixunsdfsi.o)
 .bss           0x20000171        0x0 c:/program files (x86)/gnu arm embedded toolchain/10 2020-q4-major/bin/../lib/gcc/arm-none-eabi/10.2.1/thumb/v7-m/nofp\libgcc.a(_arm_truncdfsf2.o)
 *(.bss*)
                0x20000174                . = ALIGN (0x4)
 *fill*         0x20000171        0x3 
                0x20000174                _ebss = .

.user_heap_stack
                0x20000174      0x604 load address 0x080028c0
                0x20000178                . = ALIGN (0x8)
 *fill*         0x20000174        0x4 
                0x20000378                . = (. + _Min_Heap_Size)
 *fill*         0x20000178      0x200 
                0x20000778                . = (. + _Min_Stack_Size)
 *fill*         0x20000378      0x400 
                0x20000778                . = ALIGN (0x8)
OUTPUT(app_program.elf elf32-littlearm)
LOAD linker stubs

.comment        0x00000000       0x4d
 .comment       0x00000000       0x4d 00-Build/AFIO_program.o
                                 0x4e (size before relaxing)
 .comment       0x0000004d       0x4e 00-Build/EXTI_program.o
 .comment       0x0000004d       0x4e 00-Build/GPIO_program.o
 .comment       0x0000004d       0x4e 00-Build/IR_program.o
 .comment       0x0000004d       0x4e 00-Build/LEDMRX_program.o
 .comment       0x0000004d       0x4e 00-Build/NVIC_program.o
 .comment       0x0000004d       0x4e 00-Build/RCC_program.o
 .comment       0x0000004d       0x4e 00-Build/SCHED_Lconfig.o
 .comment       0x0000004d       0x4e 00-Build/SCHED_program.o
 .comment       0x0000004d       0x4e 00-Build/SYSTICK_program.o
 .comment       0x0000004d       0x4e 00-Build/StartUpCode.o
 .comment       0x0000004d       0x4e 00-Build/UART_program.o
 .comment       0x0000004d       0x4e 00-Build/main.o

.ARM.attributes
                0x00000000       0x2d
 .ARM.attributes
                0x00000000       0x2d 00-Build/AFIO_program.o
 .ARM.attributes
                0x0000002d       0x2d 00-Build/EXTI_program.o
 .ARM.attributes
                0x0000005a       0x2d 00-Build/GPIO_program.o
 .ARM.attributes
                0x00000087       0x2d 00-Build/IR_program.o
 .ARM.attributes
                0x000000b4       0x2d 00-Build/LEDMRX_program.o
 .ARM.attributes
                0x000000e1       0x2d 00-Build/NVIC_program.o
 .ARM.attributes
                0x0000010e       0x2d 00-Build/RCC_program.o
 .ARM.attributes
                0x0000013b       0x33 00-Build/SCHED_Lconfig.o
 .ARM.attributes
                0x0000016e       0x2d 00-Build/SCHED_program.o
 .ARM.attributes
                0x0000019b       0x2d 00-Build/SYSTICK_program.o
 .ARM.attributes
                0x000001c8       0x2d 00-Build/StartUpCode.o
 .ARM.attributes
                0x000001f5       0x2d 00-Build/UART_program.o
 .ARM.attributes
                0x00000222       0x2d 00-Build/main.o
 .ARM.attributes
                0x0000024f       0x1d c:/program files (x86)/gnu arm embedded toolchain/10 2020-q4-major/bin/../lib/gcc/arm-none-eabi/10.2.1/thumb/v7-m/nofp\libgcc.a(_arm_muldf3.o)
 .ARM.attributes
                0x0000026c       0x1d c:/program files (x86)/gnu arm embedded toolchain/10 2020-q4-major/bin/../lib/gcc/arm-none-eabi/10.2.1/thumb/v7-m/nofp\libgcc.a(_arm_addsubdf3.o)
 .ARM.attributes
                0x00000289       0x1d c:/program files (x86)/gnu arm embedded toolchain/10 2020-q4-major/bin/../lib/gcc/arm-none-eabi/10.2.1/thumb/v7-m/nofp\libgcc.a(_arm_muldivdf3.o)
 .ARM.attributes
                0x000002a6       0x1d c:/program files (x86)/gnu arm embedded toolchain/10 2020-q4-major/bin/../lib/gcc/arm-none-eabi/10.2.1/thumb/v7-m/nofp\libgcc.a(_arm_fixunsdfsi.o)
 .ARM.attributes
                0x000002c3       0x1d c:/program files (x86)/gnu arm embedded toolchain/10 2020-q4-major/bin/../lib/gcc/arm-none-eabi/10.2.1/thumb/v7-m/nofp\libgcc.a(_arm_truncdfsf2.o)

.debug_frame    0x00000000      0x174
 .debug_frame   0x00000000       0x30 c:/program files (x86)/gnu arm embedded toolchain/10 2020-q4-major/bin/../lib/gcc/arm-none-eabi/10.2.1/thumb/v7-m/nofp\libgcc.a(_arm_muldf3.o)
 .debug_frame   0x00000030       0xac c:/program files (x86)/gnu arm embedded toolchain/10 2020-q4-major/bin/../lib/gcc/arm-none-eabi/10.2.1/thumb/v7-m/nofp\libgcc.a(_arm_addsubdf3.o)
 .debug_frame   0x000000dc       0x50 c:/program files (x86)/gnu arm embedded toolchain/10 2020-q4-major/bin/../lib/gcc/arm-none-eabi/10.2.1/thumb/v7-m/nofp\libgcc.a(_arm_muldivdf3.o)
 .debug_frame   0x0000012c       0x24 c:/program files (x86)/gnu arm embedded toolchain/10 2020-q4-major/bin/../lib/gcc/arm-none-eabi/10.2.1/thumb/v7-m/nofp\libgcc.a(_arm_fixunsdfsi.o)
 .debug_frame   0x00000150       0x24 c:/program files (x86)/gnu arm embedded toolchain/10 2020-q4-major/bin/../lib/gcc/arm-none-eabi/10.2.1/thumb/v7-m/nofp\libgcc.a(_arm_truncdfsf2.o)
