
Memory Configuration

Name             Origin             Length             Attributes
RAM              0x20000000         0x00005000         xrw
FLASH            0x08000000         0x00010000         xr
*default*        0x00000000         0xffffffff

Linker script and memory map

LOAD 00-Build/GPIO_program.o
LOAD 00-Build/RCC_program.o
LOAD 00-Build/StartUpCode.o
LOAD 00-Build/main.o
START GROUP
LOAD c:/program files (x86)/gnu arm embedded toolchain/10 2020-q4-major/bin/../lib/gcc/arm-none-eabi/10.2.1/thumb/v7-m/nofp\libgcc.a
END GROUP
START GROUP
LOAD c:/program files (x86)/gnu arm embedded toolchain/10 2020-q4-major/bin/../lib/gcc/arm-none-eabi/10.2.1/thumb/v7-m/nofp\libgcc.a
LOAD c:/program files (x86)/gnu arm embedded toolchain/10 2020-q4-major/bin/../lib/gcc/arm-none-eabi/10.2.1/../../../../arm-none-eabi/lib/thumb/v7-m/nofp\libc.a
LOAD c:/program files (x86)/gnu arm embedded toolchain/10 2020-q4-major/bin/../lib/gcc/arm-none-eabi/10.2.1/../../../../arm-none-eabi/lib/thumb/v7-m/nofp\libnosys.a
END GROUP
                0x00000200                _Min_Heap_Size = 0x200
                0x00000400                _Min_Stack_Size = 0x400
                0x20005000                _estack = (ORIGIN (RAM) + LENGTH (RAM))

.isr_vector     0x08000000      0x130
                0x08000000                . = ALIGN (0x4)
 *(.isr_vector)
 .isr_vector    0x08000000      0x130 00-Build/StartUpCode.o
                0x08000130                . = ALIGN (0x4)

.text           0x08000130      0x630
                0x08000130                . = ALIGN (0x4)
 *(.text)
 .text          0x08000130      0x260 00-Build/GPIO_program.o
                0x08000130                GPIO_Init
                0x080001a8                GPIO_voidInitPinMode
                0x080002d8                GPIO_voidWritePin
                0x08000374                GPIO_u8ReadPinValue
 .text          0x08000390      0x2b8 00-Build/RCC_program.o
                0x08000390                RCC_voidPeripheralClockEnable
                0x08000408                RCC_voidPeripheralClockDisable
                0x08000484                RCC_voidSetSystemClock
                0x080004ac                RCC_u8ReadSystemClock
                0x080004c8                RCC_voidTurnOnHSE
                0x0800053c                RCC_voidTurnOnHSI
                0x08000580                RCC_voidTurnOnPLL
                0x080005ec                RCC_voidSetBusesPrescaler
                0x0800063c                RCC_Init
 .text          0x08000648       0x94 00-Build/StartUpCode.o
                0x08000648                Reset_Handler
                0x080006d0                TIM8_TRG_COM_IRQHandler
                0x080006d0                TIM8_CC_IRQHandler
                0x080006d0                DebugMon_Handler
                0x080006d0                TIM1_CC_IRQHandler
                0x080006d0                HardFault_Handler
                0x080006d0                TIM6_IRQHandler
                0x080006d0                SysTick_Handler
                0x080006d0                PVD_IRQHandler
                0x080006d0                SDIO_IRQHandler
                0x080006d0                PendSV_Handler
                0x080006d0                NMI_Handler
                0x080006d0                EXTI3_IRQHandler
                0x080006d0                USB_HP_CAN_TX_IRQHandler
                0x080006d0                EXTI0_IRQHandler
                0x080006d0                I2C2_EV_IRQHandler
                0x080006d0                UsageFault_Handler
                0x080006d0                ADC1_2_IRQHandler
                0x080006d0                SPI1_IRQHandler
                0x080006d0                CAN_SCE_IRQHandler
                0x080006d0                TAMPER_IRQHandler
                0x080006d0                TIM8_UP_IRQHandler
                0x080006d0                DMA2_Channel2_IRQHandler
                0x080006d0                DMA1_Channel4_IRQHandler
                0x080006d0                USART3_IRQHandler
                0x080006d0                RTC_IRQHandler
                0x080006d0                DMA1_Channel7_IRQHandler
                0x080006d0                EXTI2_IRQHandler
                0x080006d0                UART5_IRQHandler
                0x080006d0                ADC3_IRQHandler
                0x080006d0                TIM4_IRQHandler
                0x080006d0                CAN_RX1_IRQHandler
                0x080006d0                DMA2_Channel1_IRQHandler
                0x080006d0                I2C1_EV_IRQHandler
                0x080006d0                DMA1_Channel6_IRQHandler
                0x080006d0                UART4_IRQHandler
                0x080006d0                TIM3_IRQHandler
                0x080006d0                RCC_IRQHandler
                0x080006d0                TIM1_TRG_COM_IRQHandler
                0x080006d0                DMA1_Channel1_IRQHandler
                0x080006d0                Default_Handler
                0x080006d0                EXTI15_10_IRQHandler
                0x080006d0                TIM7_IRQHandler
                0x080006d0                TIM5_IRQHandler
                0x080006d0                EXTI9_5_IRQHandler
                0x080006d0                SPI2_IRQHandler
                0x080006d0                USB_LP_CAN_RX0_IRQHandler
                0x080006d0                MemManage_Handler
                0x080006d0                SVC_Handler
                0x080006d0                DMA1_Channel5_IRQHandler
                0x080006d0                EXTI4_IRQHandler
                0x080006d0                DMA1_Channel3_IRQHandler
                0x080006d0                FSMC_IRQHandler
                0x080006d0                TIM1_UP_IRQHandler
                0x080006d0                WWDG_IRQHandler
                0x080006d0                TIM2_IRQHandler
                0x080006d0                TIM1_BRK_IRQHandler
                0x080006d0                EXTI1_IRQHandler
                0x080006d0                RTCAlarm_IRQHandler
                0x080006d0                DMA2_Channel4_5_IRQHandler
                0x080006d0                USART2_IRQHandler
                0x080006d0                I2C2_ER_IRQHandler
                0x080006d0                DMA1_Channel2_IRQHandler
                0x080006d0                TIM8_BRK_IRQHandler
                0x080006d0                FLASH_IRQHandler
                0x080006d0                BusFault_Handler
                0x080006d0                USART1_IRQHandler
                0x080006d0                SPI3_IRQHandler
                0x080006d0                I2C1_ER_IRQHandler
                0x080006d0                DMA2_Channel3_IRQHandler
 .text          0x080006dc       0x84 00-Build/main.o
                0x080006dc                main
 *(.text*)
                0x08000760                . = ALIGN (0x4)
                0x08000760                _etext = .

.glue_7         0x08000760        0x0
 .glue_7        0x08000760        0x0 linker stubs

.glue_7t        0x08000760        0x0
 .glue_7t       0x08000760        0x0 linker stubs

.vfp11_veneer   0x08000760        0x0
 .vfp11_veneer  0x08000760        0x0 linker stubs

.v4_bx          0x08000760        0x0
 .v4_bx         0x08000760        0x0 linker stubs

.iplt           0x08000760        0x0
 .iplt          0x08000760        0x0 00-Build/GPIO_program.o

.rel.dyn        0x08000760        0x0
 .rel.iplt      0x08000760        0x0 00-Build/GPIO_program.o

.rodata         0x08000760        0x0
                0x08000760                . = ALIGN (0x4)
 *(.rodata)
 *(.rodata*)
                0x08000760                . = ALIGN (0x4)
                0x08000760                _iFlashdata = LOADADDR (.data)

.data           0x20000000        0xc load address 0x08000760
                0x20000000                _idata = .
                0x20000000                . = ALIGN (0x4)
 *(.data)
 .data          0x20000000        0xc 00-Build/GPIO_program.o
 .data          0x2000000c        0x0 00-Build/RCC_program.o
 .data          0x2000000c        0x0 00-Build/StartUpCode.o
 .data          0x2000000c        0x0 00-Build/main.o
 *(.data*)
                0x2000000c                . = ALIGN (0x4)
                0x2000000c                _edata = .

.igot.plt       0x2000000c        0x0 load address 0x0800076c
 .igot.plt      0x2000000c        0x0 00-Build/GPIO_program.o

.bss            0x2000000c        0x0 load address 0x0800076c
                0x2000000c                _ibss = .
                0x2000000c                . = ALIGN (0x4)
 *(.bss)
 .bss           0x2000000c        0x0 00-Build/GPIO_program.o
 .bss           0x2000000c        0x0 00-Build/RCC_program.o
 .bss           0x2000000c        0x0 00-Build/StartUpCode.o
 .bss           0x2000000c        0x0 00-Build/main.o
 *(.bss*)
                0x2000000c                . = ALIGN (0x4)
                0x2000000c                _ebss = .

.user_heap_stack
                0x2000000c      0x604 load address 0x0800076c
                0x20000010                . = ALIGN (0x8)
 *fill*         0x2000000c        0x4 
                0x20000210                . = (. + _Min_Heap_Size)
 *fill*         0x20000010      0x200 
                0x20000610                . = (. + _Min_Stack_Size)
 *fill*         0x20000210      0x400 
                0x20000610                . = ALIGN (0x8)
OUTPUT(app_program.elf elf32-littlearm)
LOAD linker stubs

.comment        0x00000000       0x4d
 .comment       0x00000000       0x4d 00-Build/GPIO_program.o
                                 0x4e (size before relaxing)
 .comment       0x0000004d       0x4e 00-Build/RCC_program.o
 .comment       0x0000004d       0x4e 00-Build/StartUpCode.o
 .comment       0x0000004d       0x4e 00-Build/main.o

.ARM.attributes
                0x00000000       0x2d
 .ARM.attributes
                0x00000000       0x2d 00-Build/GPIO_program.o
 .ARM.attributes
                0x0000002d       0x2d 00-Build/RCC_program.o
 .ARM.attributes
                0x0000005a       0x2d 00-Build/StartUpCode.o
 .ARM.attributes
                0x00000087       0x2d 00-Build/main.o
